WorkerThreadPool: 4 threads, 1 max low-priority.
Godot Engine v4.7.2.stable.official.ed1daf0bf - https://godotengine.org
TextServer: Added interface "Dummy"
TextServer: Added interface "ICU / HarfBuzz / Graphite (Built-in)"
SDL: Init OK!
Accessibility: AccessKit driver loaded.
Xshape 1.1 detected.
Xinerama 1.1 detected.
Xrandr 1.6 detected.
Xrender 0.11 detected.
Xinput 2.2 detected.
XInput: Refreshing devices.
XInput: No touch devices found.
Input method started.
Detecting GPUs, set DRI_PRIME in the environment to override GPU detection logic.
Only one GPU found, using default.
Accessibility: window 0 adapter created.
WARNING: Could not set V-Sync mode, as changing V-Sync mode is not supported by the graphics driver.
     at: set_use_vsync (platform/linuxbsd/x11/gl_manager_x11.cpp:372)
XcursorGetTheme could not get cursor theme
Failed loading custom cursor: crossed_circle
DBus 1.14.10 detected.
Using "default" pen tablet driver...
Shader 'CanvasSdfShaderGLES3' SHA256: bfb4d3f47e7b197828685d0dcaa3ac71d9e1366c1e65b4f460df2262fa91546c
Shader 'SkeletonShaderGLES3' SHA256: 84035b3cefc09f9557dd6bf4f292f5563f0545ca349eba904f9efc23e561e23f
Shader 'ParticlesShaderGLES3' SHA256: 73290417c43773bd027c734f085d428579d637dedf854af6900fc76b8b237a99
Shader 'ParticlesCopyShaderGLES3' SHA256: 1ffdae88b5d6e87af388e5ebe57a70db1e4b7360256723d212e5cfdb8632eebb
Shader 'CopyShaderGLES3' SHA256: 2d07accf5e52cc75dda4b3798e2578ba2d7f03e83d567dcc2c8dc871f0a111e9
Shader 'CubemapFilterShaderGLES3' SHA256: dedeeafa47bd84bd41fbf476996763e9f8fea0c73540a49765d0d23109b8fc44
Shader 'GlowShaderGLES3' SHA256: 1a8d454e812a242df093576020d31bebccf9a3e446f78160d33e363f683df8d2
Shader 'PostShaderGLES3' SHA256: 652389d1ff5979a72cb73bb058892a1781dd6c97027db95dcb2754aad82b614b
Shader 'FeedShaderGLES3' SHA256: ff8ce52247f567be25a85ee57b249f526c39fe4595e675da7a92cda3482cc47b
Shader 'CanvasShaderGLES3' SHA256: ec4ada8cee357dc1d60cc059a0f84ad21dee27e29d58fa9a87f46f2aef80c3ea
Shader 'CanvasOcclusionShaderGLES3' SHA256: 4e16639184f7526ea06a888f215233eefb1de099c0a4d76f784773cff78d4e14
Shader 'SceneShaderGLES3' SHA256: 218dbeaf0023e2cbc56cd117ce17923f88eae2d8ee261d76cc405e5cca411741
Shader 'SkyShaderGLES3' SHA256: 804e4e540a7a3f03699c11d13920846aeba4980287678fc1b6f75324d8601057
Shader 'TexBlitShaderGLES3' SHA256: 8ed7a52936e463ebd5f2607bb08ee88f94fb259bf07facbf4d5872bb317fabe7
OpenGL API 4.5 (Core Profile) Mesa 25.2.8-0ubuntu0.24.04.4 - Compatibility - Using Device: Mesa - llvmpipe (LLVM 20.1.2, 256 bits)
libpulse.so.0: cannot open shared object file: No such file or directory
libpulse.so.0: cannot open shared object file: No such file or directory
ALSA 1.2.11 detected.
ALSA lib confmisc.c:855:(parse_card) cannot find card '0'
ALSA lib conf.c:5208:(_snd_config_evaluate) function snd_func_card_inum returned error: No such file or directory
ALSA lib confmisc.c:422:(snd_func_concat) error evaluating strings
ALSA lib conf.c:5208:(_snd_config_evaluate) function snd_func_concat returned error: No such file or directory
ALSA lib confmisc.c:1342:(snd_func_refer) error evaluating name
ALSA lib conf.c:5208:(_snd_config_evaluate) function snd_func_refer returned error: No such file or directory
ALSA lib conf.c:5731:(snd_config_expand) Evaluate error: No such file or directory
ALSA lib pcm.c:2721:(snd_pcm_open_noupdate) Unknown PCM default
ERROR: Condition "status < 0" is true. Returning: ERR_CANT_OPEN
   at: init_output_device (drivers/alsa/audio_driver_alsa.cpp:97)
WARNING: All audio drivers failed, falling back to the dummy driver.
     at: initialize (servers/audio/audio_server.cpp:258)

TextServer: Primary interface set to: "ICU / HarfBuzz / Graphite (Built-in)".
CORE API HASH: 2004498165
EDITOR API HASH: 1696660745
SceneTreeFTI: traversal method DEFAULT
Loading resource: res://scripts/save/save_manager.gd remapped: res://scripts/save/save_manager.gd
Completed load for: 'res://scripts/save/save_manager.gd' remapped 'res://scripts/save/save_manager.gd' at thread -1
Loading resource: res://scripts/combat/noise_manager.gd remapped: res://scripts/combat/noise_manager.gd
Completed load for: 'res://scripts/combat/noise_manager.gd' remapped 'res://scripts/combat/noise_manager.gd' at thread -1
Loading resource: res://scripts/settlement/infrastructure_manager.gd remapped: res://scripts/settlement/infrastructure_manager.gd
Completed load for: 'res://scripts/settlement/infrastructure_manager.gd' remapped 'res://scripts/settlement/infrastructure_manager.gd' at thread -1
Loading resource: res://scripts/vehicles/vehicle_database.gd remapped: res://scripts/vehicles/vehicle_database.gd
Completed load for: 'res://scripts/vehicles/vehicle_database.gd' remapped 'res://scripts/vehicles/vehicle_database.gd' at thread -1
Loading resource: res://scripts/audio/audio_event_bus.gd remapped: res://scripts/audio/audio_event_bus.gd
Completed load for: 'res://scripts/audio/audio_event_bus.gd' remapped 'res://scripts/audio/audio_event_bus.gd' at thread -1
Loading resource: res://scripts/ui/ui_manager.gd remapped: res://scripts/ui/ui_manager.gd
Completed load for: 'res://scripts/ui/ui_manager.gd' remapped 'res://scripts/ui/ui_manager.gd' at thread -1
Loaded system CA certificates
Loading resource: res://scenes/d2d29_minimal_token_runtime.tscn remapped: res://scenes/d2d29_minimal_token_runtime.tscn
Loading resource: res://scripts/art/d2d29_minimal_token_runtime.gd remapped: res://scripts/art/d2d29_minimal_token_runtime.gd
Completed load for: 'res://scripts/art/d2d29_minimal_token_runtime.gd' remapped 'res://scripts/art/d2d29_minimal_token_runtime.gd' at thread -1
Completed load for: 'res://scenes/d2d29_minimal_token_runtime.tscn' remapped 'res://scenes/d2d29_minimal_token_runtime.tscn' at thread -1
Loading resource: res://assets/playercharacters/female_head_right_pc21.png remapped: res://assets/playercharacters/female_head_right_pc21.png
Loading resource: res://.godot/imported/female_head_right_pc21.png-c6c29dbfaeccc04b30c5a1a360153e7e.ctex remapped: res://.godot/imported/female_head_right_pc21.png-c6c29dbfaeccc04b30c5a1a360153e7e.ctex
Completed load for: 'res://assets/playercharacters/female_head_right_pc21.png' remapped 'res://assets/playercharacters/female_head_right_pc21.png' at thread -1
Loading resource: res://assets/playercharacters/female_equipped_torso_right_pc21.webp remapped: res://assets/playercharacters/female_equipped_torso_right_pc21.webp
Loading resource: res://.godot/imported/female_equipped_torso_right_pc21.webp-d743abf1ebb7dcec648bcb071a9b06a6.ctex remapped: res://.godot/imported/female_equipped_torso_right_pc21.webp-d743abf1ebb7dcec648bcb071a9b06a6.ctex
Completed load for: 'res://assets/playercharacters/female_equipped_torso_right_pc21.webp' remapped 'res://assets/playercharacters/female_equipped_torso_right_pc21.webp' at thread -1
Loading resource: res://assets/playercharacters/female_leg_gear_right_pc21.webp remapped: res://assets/playercharacters/female_leg_gear_right_pc21.webp
Loading resource: res://.godot/imported/female_leg_gear_right_pc21.webp-64b3a29357b3e063cda6f864aa1d2af9.ctex remapped: res://.godot/imported/female_leg_gear_right_pc21.webp-64b3a29357b3e063cda6f864aa1d2af9.ctex
Completed load for: 'res://assets/playercharacters/female_leg_gear_right_pc21.webp' remapped 'res://assets/playercharacters/female_leg_gear_right_pc21.webp' at thread -1
Loading resource: res://assets/playercharacters/female_leg_gear_front_right_pc21.webp remapped: res://assets/playercharacters/female_leg_gear_front_right_pc21.webp
Loading resource: res://.godot/imported/female_leg_gear_front_right_pc21.webp-fbb1cda9ac3921ac06a784b0ca6449a8.ctex remapped: res://.godot/imported/female_leg_gear_front_right_pc21.webp-fbb1cda9ac3921ac06a784b0ca6449a8.ctex
Completed load for: 'res://assets/playercharacters/female_leg_gear_front_right_pc21.webp' remapped 'res://assets/playercharacters/female_leg_gear_front_right_pc21.webp' at thread -1
Loading resource: res://assets/playercharacters/female_torso_right_pc21.webp remapped: res://assets/playercharacters/female_torso_right_pc21.webp
Loading resource: res://.godot/imported/female_torso_right_pc21.webp-d523d8f8028854ee6a15f4f247bf2565.ctex remapped: res://.godot/imported/female_torso_right_pc21.webp-d523d8f8028854ee6a15f4f247bf2565.ctex
Completed load for: 'res://assets/playercharacters/female_torso_right_pc21.webp' remapped 'res://assets/playercharacters/female_torso_right_pc21.webp' at thread -1
Loading resource: res://assets/playercharacters/female_belt_pc03.webp remapped: res://assets/playercharacters/female_belt_pc03.webp
Loading resource: res://.godot/imported/female_belt_pc03.webp-5903973935c05fa98e7993391f871849.ctex remapped: res://.godot/imported/female_belt_pc03.webp-5903973935c05fa98e7993391f871849.ctex
Completed load for: 'res://assets/playercharacters/female_belt_pc03.webp' remapped 'res://assets/playercharacters/female_belt_pc03.webp' at thread -1
Loading resource: res://assets/playercharacters/female_collar_pc03.webp remapped: res://assets/playercharacters/female_collar_pc03.webp
Loading resource: res://.godot/imported/female_collar_pc03.webp-16aea1516b618c649420a51e5fa0d3fb.ctex remapped: res://.godot/imported/female_collar_pc03.webp-16aea1516b618c649420a51e5fa0d3fb.ctex
Completed load for: 'res://assets/playercharacters/female_collar_pc03.webp' remapped 'res://assets/playercharacters/female_collar_pc03.webp' at thread -1
Loading resource: res://assets/playercharacters/female_leg_base_right_pc21.webp remapped: res://assets/playercharacters/female_leg_base_right_pc21.webp
Loading resource: res://.godot/imported/female_leg_base_right_pc21.webp-0982f0b3dc9ff922f944e7786bd80195.ctex remapped: res://.godot/imported/female_leg_base_right_pc21.webp-0982f0b3dc9ff922f944e7786bd80195.ctex
Completed load for: 'res://assets/playercharacters/female_leg_base_right_pc21.webp' remapped 'res://assets/playercharacters/female_leg_base_right_pc21.webp' at thread -1
Loading resource: res://assets/playercharacters/female_leg_base_front_right_pc21.webp remapped: res://assets/playercharacters/female_leg_base_front_right_pc21.webp
Loading resource: res://.godot/imported/female_leg_base_front_right_pc21.webp-a7fbbae30f1b90976a38d62f83e657fa.ctex remapped: res://.godot/imported/female_leg_base_front_right_pc21.webp-a7fbbae30f1b90976a38d62f83e657fa.ctex
Completed load for: 'res://assets/playercharacters/female_leg_base_front_right_pc21.webp' remapped 'res://assets/playercharacters/female_leg_base_front_right_pc21.webp' at thread -1
PC22_ARM_GEOMETRY_OK:dominant:10.8999938964844:10.6999845504761
PC22_ARM_GEOMETRY_OK:support:10.8999938964844:10.6999845504761
PC22_ARM_GEOMETRY_OK:dominant:10.8999938964844:10.6999845504761
PC22_ARM_GEOMETRY_OK:support:10.8999938964844:10.6999845504761
PC22_ARM_GEOMETRY_OK:dominant:10.8999938964844:10.6999845504761
PC22_ARM_GEOMETRY_OK:support:10.8999938964844:10.6999845504761
PC22_ARM_CAPTURE:/home/runner/work/wanderfall/wanderfall/pc22-arm-runtime-captures/male_idle.png
PC22_ARM_GEOMETRY_OK:dominant:10.9000053405762:10.7000122070312
PC22_ARM_GEOMETRY_OK:support:10.9000053405762:10.7000093460083
PC22_ARM_GEOMETRY_OK:dominant:10.900013923645:10.6999864578247
PC22_ARM_GEOMETRY_OK:support:10.900013923645:10.7000036239624
PC22_ARM_CAPTURE:/home/runner/work/wanderfall/wanderfall/pc22-arm-runtime-captures/male_walk.png
PC22_ARM_GEOMETRY_OK:dominant:10.8999814987183:10.7000064849854
PC22_ARM_GEOMETRY_OK:support:10.8999814987183:10.7000246047974
PC22_ARM_GEOMETRY_OK:dominant:10.8999862670898:10.7000102996826
PC22_ARM_GEOMETRY_OK:support:10.8999862670898:10.6999864578247
PC22_ARM_CAPTURE:/home/runner/work/wanderfall/wanderfall/pc22-arm-runtime-captures/male_run.png
PC22_ARM_GEOMETRY_OK:dominant:10.9000358581543:10.7000331878662
PC22_ARM_GEOMETRY_OK:support:10.8999938964844:10.6999845504761
PC22_ARM_GEOMETRY_OK:dominant:10.9000148773193:10.6999969482422
PC22_ARM_GEOMETRY_OK:support:10.8999938964844:10.6999845504761
PC22_ARM_CAPTURE:/home/runner/work/wanderfall/wanderfall/pc22-arm-runtime-captures/male_pistol_horizontal.png
PC22_ARM_GEOMETRY_OK:dominant:10.8999977111816:10.7000064849854
PC22_ARM_GEOMETRY_OK:support:10.8999938964844:10.6999845504761
PC22_ARM_GEOMETRY_OK:dominant:10.8999710083008:10.6999759674072
PC22_ARM_GEOMETRY_OK:support:10.8999938964844:10.6999845504761
PC22_ARM_CAPTURE:/home/runner/work/wanderfall/wanderfall/pc22-arm-runtime-captures/male_pistol_up.png
PC22_ARM_GEOMETRY_OK:dominant:10.9000129699707:10.700026512146
PC22_ARM_GEOMETRY_OK:support:10.8999662399292:10.7000246047974
PC22_ARM_GEOMETRY_OK:dominant:10.9000110626221:10.6999979019165
PC22_ARM_GEOMETRY_OK:support:10.8999919891357:10.7000112533569
PC22_ARM_CAPTURE:/home/runner/work/wanderfall/wanderfall/pc22-arm-runtime-captures/male_rifle_horizontal.png
PC22_ARM_GEOMETRY_OK:dominant:10.9000005722046:10.7000131607056
PC22_ARM_GEOMETRY_OK:support:10.9000406265259:10.6999864578247
PC22_ARM_GEOMETRY_OK:dominant:10.8999948501587:10.6999654769897
PC22_ARM_GEOMETRY_OK:support:10.8999891281128:10.7000036239624
PC22_ARM_CAPTURE:/home/runner/work/wanderfall/wanderfall/pc22-arm-runtime-captures/male_rifle_up.png
PC22_ARM_GEOMETRY_OK:dominant:10.9000110626221:10.7000074386597
PC22_ARM_GEOMETRY_OK:support:10.8999900817871:10.7000102996826
PC22_ARM_GEOMETRY_OK:dominant:10.8999509811401:10.6999645233154
PC22_ARM_GEOMETRY_OK:support:10.8999862670898:10.7000160217285
PC22_ARM_CAPTURE:/home/runner/work/wanderfall/wanderfall/pc22-arm-runtime-captures/male_recoil.png
PC22_ARM_GEOMETRY_OK:dominant:10.6000061035156:10.4999923706055
PC22_ARM_GEOMETRY_OK:support:10.6000061035156:10.4999923706055
PC22_ARM_GEOMETRY_OK:dominant:10.6000061035156:10.4999923706055
PC22_ARM_GEOMETRY_OK:support:10.6000061035156:10.4999923706055
PC22_ARM_CAPTURE:/home/runner/work/wanderfall/wanderfall/pc22-arm-runtime-captures/female_idle.png
PC22_ARM_GEOMETRY_OK:dominant:10.5999984741211:10.5
PC22_ARM_GEOMETRY_OK:support:10.5999984741211:10.5000238418579
PC22_ARM_GEOMETRY_OK:dominant:10.600001335144:10.5000104904175
PC22_ARM_GEOMETRY_OK:support:10.600001335144:10.4999866485596
PC22_ARM_CAPTURE:/home/runner/work/wanderfall/wanderfall/pc22-arm-runtime-captures/female_walk.png
PC22_ARM_GEOMETRY_OK:dominant:10.6000022888184:10.4999961853027
PC22_ARM_GEOMETRY_OK:support:10.6000022888184:10.4999895095825
PC22_ARM_GEOMETRY_OK:dominant:10.5999917984009:10.5000047683716
PC22_ARM_GEOMETRY_OK:support:10.5999917984009:10.5000104904175
PC22_ARM_CAPTURE:/home/runner/work/wanderfall/wanderfall/pc22-arm-runtime-captures/female_run.png
PC22_ARM_GEOMETRY_OK:dominant:10.6000213623047:10.5000305175781
PC22_ARM_GEOMETRY_OK:support:10.6000061035156:10.4999923706055
PC22_ARM_GEOMETRY_OK:dominant:10.5999975204468:10.4999809265137
PC22_ARM_GEOMETRY_OK:support:10.6000061035156:10.4999923706055
PC22_ARM_CAPTURE:/home/runner/work/wanderfall/wanderfall/pc22-arm-runtime-captures/female_pistol_horizontal.png
PC22_ARM_GEOMETRY_OK:dominant:10.600022315979:10.5000152587891
PC22_ARM_GEOMETRY_OK:support:10.6000061035156:10.4999923706055
PC22_ARM_GEOMETRY_OK:dominant:10.5999946594238:10.4999895095825
PC22_ARM_GEOMETRY_OK:support:10.6000061035156:10.4999923706055
PC22_ARM_CAPTURE:/home/runner/work/wanderfall/wanderfall/pc22-arm-runtime-captures/female_pistol_up.png
PC22_ARM_GEOMETRY_OK:dominant:10.5999879837036:10.4999961853027
PC22_ARM_GEOMETRY_OK:support:10.6000175476074:10.4999914169312
PC22_ARM_GEOMETRY_OK:dominant:10.6000118255615:10.4999961853027
PC22_ARM_GEOMETRY_OK:support:10.6000051498413:10.4999952316284
PC22_ARM_CAPTURE:/home/runner/work/wanderfall/wanderfall/pc22-arm-runtime-captures/female_rifle_horizontal.png
PC22_ARM_GEOMETRY_OK:dominant:10.5999946594238:10.4999895095825
PC22_ARM_GEOMETRY_OK:support:10.5999727249146:10.4999885559082
PC22_ARM_GEOMETRY_OK:dominant:10.6000165939331:10.5000314712524
PC22_ARM_GEOMETRY_OK:support:10.5999755859375:10.5000104904175
PC22_ARM_CAPTURE:/home/runner/work/wanderfall/wanderfall/pc22-arm-runtime-captures/female_rifle_up.png
PC22_ARM_GEOMETRY_OK:dominant:10.6000080108643:10.5000038146973
PC22_ARM_GEOMETRY_OK:support:10.6000185012817:10.4999866485596
PC22_ARM_GEOMETRY_OK:dominant:10.5999736785889:10.4999666213989
PC22_ARM_GEOMETRY_OK:support:10.5999736785889:10.5000419616699
PC22_ARM_CAPTURE:/home/runner/work/wanderfall/wanderfall/pc22-arm-runtime-captures/female_recoil.png
PC22_ARM_CAPTURE_COMPLETE:16
PC22_ARM_GEOMETRY_OK:dominant:10.5999889373779:10.4999837875366
PC22_ARM_GEOMETRY_OK:support:10.5999984741211:10.4999809265137
XR: Clearing primary interface
XR: Removed interface "Native mobile"
XR: Removed interface "OpenXR"
Accessibility: window 0 adapter destroyed.
